stm32f0xx_hal_rtc_ex.c:150:19:HAL_RTCEx_SetTimeStamp	8	static
stm32f0xx_hal_rtc_ex.c:204:19:HAL_RTCEx_SetTimeStamp_IT	8	static
stm32f0xx_hal_rtc_ex.c:254:19:HAL_RTCEx_DeactivateTimeStamp	0	static
stm32f0xx_hal_rtc_ex.c:298:19:HAL_RTCEx_GetTimeStamp	32	static
stm32f0xx_hal_rtc_ex.c:349:19:HAL_RTCEx_SetTamper	16	static
stm32f0xx_hal_rtc_ex.c:398:19:HAL_RTCEx_SetTamper_IT	16	static
stm32f0xx_hal_rtc_ex.c:455:19:HAL_RTCEx_DeactivateTamper	0	static
stm32f0xx_hal_rtc_ex.c:552:13:HAL_RTCEx_TimeStampEventCallback	0	static
stm32f0xx_hal_rtc_ex.c:567:13:HAL_RTCEx_Tamper1EventCallback	0	static
stm32f0xx_hal_rtc_ex.c:582:13:HAL_RTCEx_Tamper2EventCallback	0	static
stm32f0xx_hal_rtc_ex.c:480:6:HAL_RTCEx_TamperTimeStampIRQHandler	8	static
stm32f0xx_hal_rtc_ex.c:615:19:HAL_RTCEx_PollForTimeStampEvent	24	static
stm32f0xx_hal_rtc_ex.c:654:19:HAL_RTCEx_PollForTamper1Event	24	static
stm32f0xx_hal_rtc_ex.c:686:19:HAL_RTCEx_PollForTamper2Event	24	static
stm32f0xx_hal_rtc_ex.c:1191:19:HAL_RTCEx_SetSmoothCalib	40	static
stm32f0xx_hal_rtc_ex.c:1259:19:HAL_RTCEx_SetSynchroShift	32	static
stm32f0xx_hal_rtc_ex.c:1352:19:HAL_RTCEx_SetCalibrationOutPut	8	static
stm32f0xx_hal_rtc_ex.c:1390:19:HAL_RTCEx_DeactivateCalibrationOutPut	0	static
stm32f0xx_hal_rtc_ex.c:1419:19:HAL_RTCEx_SetRefClock	16	static
stm32f0xx_hal_rtc_ex.c:1468:19:HAL_RTCEx_DeactivateRefClock	16	static
stm32f0xx_hal_rtc_ex.c:1519:19:HAL_RTCEx_EnableBypassShadow	0	static
stm32f0xx_hal_rtc_ex.c:1551:19:HAL_RTCEx_DisableBypassShadow	0	static
