stm32f0xx_hal_rtc.c:357:13:HAL_RTC_MspInit	0	static
stm32f0xx_hal_rtc.c:372:13:HAL_RTC_MspDeInit	0	static
stm32f0xx_hal_rtc.c:1049:19:HAL_RTC_DeactivateAlarm	24	static
stm32f0xx_hal_rtc.c:1178:13:HAL_RTC_AlarmAEventCallback	0	static
stm32f0xx_hal_rtc.c:1150:6:HAL_RTC_AlarmIRQHandler	8	static
stm32f0xx_hal_rtc.c:1194:19:HAL_RTC_PollForAlarmAEvent	24	static
stm32f0xx_hal_rtc.c:1253:19:HAL_RTC_WaitForSynchro	24	static
stm32f0xx_hal_rtc.c:1297:21:HAL_RTC_GetState	0	static
stm32f0xx_hal_rtc.c:1321:19:RTC_EnterInitMode	24	static
stm32f0xx_hal_rtc.c:150:19:HAL_RTC_Init	16	static
stm32f0xx_hal_rtc.c:240:19:HAL_RTC_DeInit	16	static
stm32f0xx_hal_rtc.c:1352:9:RTC_ByteToBcd2	0	static
stm32f0xx_hal_rtc.c:410:19:HAL_RTC_SetTime	32	static
stm32f0xx_hal_rtc.c:589:19:HAL_RTC_SetDate	32	static
stm32f0xx_hal_rtc.c:754:19:HAL_RTC_SetAlarm	40	static
stm32f0xx_hal_rtc.c:902:19:HAL_RTC_SetAlarm_IT	40	static
stm32f0xx_hal_rtc.c:1370:9:RTC_Bcd2ToByte	0	static
stm32f0xx_hal_rtc.c:545:19:HAL_RTC_GetTime	16	static
stm32f0xx_hal_rtc.c:700:19:HAL_RTC_GetDate	16	static
stm32f0xx_hal_rtc.c:1111:19:HAL_RTC_GetAlarm	32	static
