Archive member included to satisfy reference by file (symbol)

c:/program files (x86)/atollic/truestudio for stm32 9.0.0/armtools/bin/../lib/gcc/arm-atollic-eabi/6.3.1/../../../../arm-atollic-eabi/lib/armv6-m\libc_nano.a(lib_a-init.o)
                              startup\startup_stm32f030x6.o (__libc_init_array)
c:/program files (x86)/atollic/truestudio for stm32 9.0.0/armtools/bin/../lib/gcc/arm-atollic-eabi/6.3.1/../../../../arm-atollic-eabi/lib/armv6-m\libc_nano.a(lib_a-memcpy-stub.o)
                              Drivers\STM32F0xx_HAL_Driver\Src\stm32f0xx_hal_rcc.o (memcpy)
c:/program files (x86)/atollic/truestudio for stm32 9.0.0/armtools/bin/../lib/gcc/arm-atollic-eabi/6.3.1/armv6-m\libgcc.a(_thumb1_case_uqi.o)
                              Drivers\STM32F0xx_HAL_Driver\Src\stm32f0xx_hal_dma.o (__gnu_thumb1_case_uqi)
c:/program files (x86)/atollic/truestudio for stm32 9.0.0/armtools/bin/../lib/gcc/arm-atollic-eabi/6.3.1/armv6-m\libgcc.a(_udivsi3.o)
                              Drivers\STM32F0xx_HAL_Driver\Src\stm32f0xx_hal.o (__aeabi_uidiv)
c:/program files (x86)/atollic/truestudio for stm32 9.0.0/armtools/bin/../lib/gcc/arm-atollic-eabi/6.3.1/armv6-m\libgcc.a(_dvmd_tls.o)
                              c:/program files (x86)/atollic/truestudio for stm32 9.0.0/armtools/bin/../lib/gcc/arm-atollic-eabi/6.3.1/armv6-m\libgcc.a(_udivsi3.o) (__aeabi_idiv0)
c:/program files (x86)/atollic/truestudio for stm32 9.0.0/armtools/bin/../lib/gcc/arm-atollic-eabi/6.3.1/armv6-m\libgcc.a(_lshrdi3.o)
                              Drivers\STM32F0xx_HAL_Driver\Src\stm32f0xx_hal_flash.o (__aeabi_llsr)

Allocating common symbols
Common symbol       size              file

uwTick              0x4               Drivers\STM32F0xx_HAL_Driver\Src\stm32f0xx_hal.o
pFlash              0x20              Drivers\STM32F0xx_HAL_Driver\Src\stm32f0xx_hal_flash.o

Discarded input sections

 .text          0x00000000        0x0 c:/program files (x86)/atollic/truestudio for stm32 9.0.0/armtools/bin/../lib/gcc/arm-atollic-eabi/6.3.1/armv6-m/crti.o
 .data          0x00000000        0x0 c:/program files (x86)/atollic/truestudio for stm32 9.0.0/armtools/bin/../lib/gcc/arm-atollic-eabi/6.3.1/armv6-m/crti.o
 .bss           0x00000000        0x0 c:/program files (x86)/atollic/truestudio for stm32 9.0.0/armtools/bin/../lib/gcc/arm-atollic-eabi/6.3.1/armv6-m/crti.o
 .data          0x00000000        0x4 c:/program files (x86)/atollic/truestudio for stm32 9.0.0/armtools/bin/../lib/gcc/arm-atollic-eabi/6.3.1/armv6-m/crtbegin.o
 .text          0x00000000        0x0 Drivers\STM32F0xx_HAL_Driver\Src\stm32f0xx_hal.o
 .data          0x00000000        0x0 Drivers\STM32F0xx_HAL_Driver\Src\stm32f0xx_hal.o
 .bss           0x00000000        0x0 Drivers\STM32F0xx_HAL_Driver\Src\stm32f0xx_hal.o
 .text.HAL_MspInit
                0x00000000        0x2 Drivers\STM32F0xx_HAL_Driver\Src\stm32f0xx_hal.o
 .text.HAL_MspDeInit
                0x00000000        0x2 Drivers\STM32F0xx_HAL_Driver\Src\stm32f0xx_hal.o
 .text.HAL_DeInit
                0x00000000       0x24 Drivers\STM32F0xx_HAL_Driver\Src\stm32f0xx_hal.o
 .text.HAL_SuspendTick
                0x00000000       0x10 Drivers\STM32F0xx_HAL_Driver\Src\stm32f0xx_hal.o
 .text.HAL_ResumeTick
                0x00000000       0x10 Drivers\STM32F0xx_HAL_Driver\Src\stm32f0xx_hal.o
 .text.HAL_GetHalVersion
                0x00000000        0x6 Drivers\STM32F0xx_HAL_Driver\Src\stm32f0xx_hal.o
 .text.HAL_GetREVID
                0x00000000        0xc Drivers\STM32F0xx_HAL_Driver\Src\stm32f0xx_hal.o
 .text.HAL_GetDEVID
                0x00000000       0x10 Drivers\STM32F0xx_HAL_Driver\Src\stm32f0xx_hal.o
 .text.HAL_GetUIDw0
                0x00000000        0xc Drivers\STM32F0xx_HAL_Driver\Src\stm32f0xx_hal.o
 .text.HAL_GetUIDw1
                0x00000000        0xc Drivers\STM32F0xx_HAL_Driver\Src\stm32f0xx_hal.o
 .text.HAL_GetUIDw2
                0x00000000        0xc Drivers\STM32F0xx_HAL_Driver\Src\stm32f0xx_hal.o
 .text.HAL_DBGMCU_EnableDBGStopMode
                0x00000000       0x10 Drivers\STM32F0xx_HAL_Driver\Src\stm32f0xx_hal.o
 .text.HAL_DBGMCU_DisableDBGStopMode
                0x00000000       0x10 Drivers\STM32F0xx_HAL_Driver\Src\stm32f0xx_hal.o
 .text.HAL_DBGMCU_EnableDBGStandbyMode
                0x00000000       0x10 Drivers\STM32F0xx_HAL_Driver\Src\stm32f0xx_hal.o
 .text.HAL_DBGMCU_DisableDBGStandbyMode
                0x00000000       0x10 Drivers\STM32F0xx_HAL_Driver\Src\stm32f0xx_hal.o
 .text          0x00000000        0x0 Drivers\STM32F0xx_HAL_Driver\Src\stm32f0xx_hal_cortex.o
 .data          0x00000000        0x0 Drivers\STM32F0xx_HAL_Driver\Src\stm32f0xx_hal_cortex.o
 .bss           0x00000000        0x0 Drivers\STM32F0xx_HAL_Driver\Src\stm32f0xx_hal_cortex.o
 .text.HAL_NVIC_EnableIRQ
                0x00000000       0x14 Drivers\STM32F0xx_HAL_Driver\Src\stm32f0xx_hal_cortex.o
 .text.HAL_NVIC_DisableIRQ
                0x00000000       0x14 Drivers\STM32F0xx_HAL_Driver\Src\stm32f0xx_hal_cortex.o
 .text.HAL_NVIC_SystemReset
                0x00000000       0x1c Drivers\STM32F0xx_HAL_Driver\Src\stm32f0xx_hal_cortex.o
 .text.HAL_NVIC_GetPriority
                0x00000000       0x44 Drivers\STM32F0xx_HAL_Driver\Src\stm32f0xx_hal_cortex.o
 .text.HAL_NVIC_SetPendingIRQ
                0x00000000       0x14 Drivers\STM32F0xx_HAL_Driver\Src\stm32f0xx_hal_cortex.o
 .text.HAL_NVIC_GetPendingIRQ
                0x00000000       0x18 Drivers\STM32F0xx_HAL_Driver\Src\stm32f0xx_hal_cortex.o
 .text.HAL_NVIC_ClearPendingIRQ
                0x00000000       0x18 Drivers\STM32F0xx_HAL_Driver\Src\stm32f0xx_hal_cortex.o
 .text          0x00000000        0x0 Drivers\STM32F0xx_HAL_Driver\Src\stm32f0xx_hal_dma.o
 .data          0x00000000        0x0 Drivers\STM32F0xx_HAL_Driver\Src\stm32f0xx_hal_dma.o
 .bss           0x00000000        0x0 Drivers\STM32F0xx_HAL_Driver\Src\stm32f0xx_hal_dma.o
 .text.HAL_DMA_Init
                0x00000000       0x6c Drivers\STM32F0xx_HAL_Driver\Src\stm32f0xx_hal_dma.o
 .text.HAL_DMA_DeInit
                0x00000000       0x4c Drivers\STM32F0xx_HAL_Driver\Src\stm32f0xx_hal_dma.o
 .text.HAL_DMA_Start
                0x00000000       0x58 Drivers\STM32F0xx_HAL_Driver\Src\stm32f0xx_hal_dma.o
 .text.HAL_DMA_Start_IT
                0x00000000       0x76 Drivers\STM32F0xx_HAL_Driver\Src\stm32f0xx_hal_dma.o
 .text.HAL_DMA_Abort
                0x00000000       0x2a Drivers\STM32F0xx_HAL_Driver\Src\stm32f0xx_hal_dma.o
 .text.HAL_DMA_Abort_IT
                0x00000000       0x46 Drivers\STM32F0xx_HAL_Driver\Src\stm32f0xx_hal_dma.o
 .text.HAL_DMA_PollForTransfer
                0x00000000       0xbc Drivers\STM32F0xx_HAL_Driver\Src\stm32f0xx_hal_dma.o
 .text.HAL_DMA_IRQHandler
                0x00000000       0x92 Drivers\STM32F0xx_HAL_Driver\Src\stm32f0xx_hal_dma.o
 .text.HAL_DMA_RegisterCallback
                0x00000000       0x44 Drivers\STM32F0xx_HAL_Driver\Src\stm32f0xx_hal_dma.o
 .text.HAL_DMA_UnRegisterCallback
                0x00000000       0x4e Drivers\STM32F0xx_HAL_Driver\Src\stm32f0xx_hal_dma.o
 .text.HAL_DMA_GetState
                0x00000000        0x8 Drivers\STM32F0xx_HAL_Driver\Src\stm32f0xx_hal_dma.o
 .text.HAL_DMA_GetError
                0x00000000        0x4 Drivers\STM32F0xx_HAL_Driver\Src\stm32f0xx_hal_dma.o
 .comment       0x00000000       0x7d Drivers\STM32F0xx_HAL_Driver\Src\stm32f0xx_hal_dma.o
 .ARM.attributes
                0x00000000       0x31 Drivers\STM32F0xx_HAL_Driver\Src\stm32f0xx_hal_dma.o
 .text          0x00000000        0x0 Drivers\STM32F0xx_HAL_Driver\Src\stm32f0xx_hal_flash.o
 .data          0x00000000        0x0 Drivers\STM32F0xx_HAL_Driver\Src\stm32f0xx_hal_flash.o
 .bss           0x00000000        0x0 Drivers\STM32F0xx_HAL_Driver\Src\stm32f0xx_hal_flash.o
 .text.FLASH_SetErrorCode
                0x00000000       0x3c Drivers\STM32F0xx_HAL_Driver\Src\stm32f0xx_hal_flash.o
 .text.HAL_FLASH_Program_IT
                0x00000000       0x5c Drivers\STM32F0xx_HAL_Driver\Src\stm32f0xx_hal_flash.o
 .text.HAL_FLASH_EndOfOperationCallback
                0x00000000        0x2 Drivers\STM32F0xx_HAL_Driver\Src\stm32f0xx_hal_flash.o
 .text.HAL_FLASH_OperationErrorCallback
                0x00000000        0x2 Drivers\STM32F0xx_HAL_Driver\Src\stm32f0xx_hal_flash.o
 .text.HAL_FLASH_IRQHandler
                0x00000000      0x11c Drivers\STM32F0xx_HAL_Driver\Src\stm32f0xx_hal_flash.o
 .text.HAL_FLASH_Unlock
                0x00000000       0x24 Drivers\STM32F0xx_HAL_Driver\Src\stm32f0xx_hal_flash.o
 .text.HAL_FLASH_Lock
                0x00000000       0x14 Drivers\STM32F0xx_HAL_Driver\Src\stm32f0xx_hal_flash.o
 .text.HAL_FLASH_OB_Unlock
                0x00000000       0x28 Drivers\STM32F0xx_HAL_Driver\Src\stm32f0xx_hal_flash.o
 .text.HAL_FLASH_OB_Lock
                0x00000000       0x18 Drivers\STM32F0xx_HAL_Driver\Src\stm32f0xx_hal_flash.o
 .text.HAL_FLASH_GetError
                0x00000000        0xc Drivers\STM32F0xx_HAL_Driver\Src\stm32f0xx_hal_flash.o
 .text.FLASH_WaitForLastOperation
                0x00000000       0x54 Drivers\STM32F0xx_HAL_Driver\Src\stm32f0xx_hal_flash.o
 .text.HAL_FLASH_Program
                0x00000000       0x84 Drivers\STM32F0xx_HAL_Driver\Src\stm32f0xx_hal_flash.o
 .text.HAL_FLASH_OB_Launch
                0x00000000       0x20 Drivers\STM32F0xx_HAL_Driver\Src\stm32f0xx_hal_flash.o
 .comment       0x00000000       0x7d Drivers\STM32F0xx_HAL_Driver\Src\stm32f0xx_hal_flash.o
 .ARM.attributes
                0x00000000       0x31 Drivers\STM32F0xx_HAL_Driver\Src\stm32f0xx_hal_flash.o
 COMMON         0x00000000       0x20 Drivers\STM32F0xx_HAL_Driver\Src\stm32f0xx_hal_flash.o
 .text          0x00000000        0x0 Drivers\STM32F0xx_HAL_Driver\Src\stm32f0xx_hal_flash_ex.o
 .data          0x00000000        0x0 Drivers\STM32F0xx_HAL_Driver\Src\stm32f0xx_hal_flash_ex.o
 .bss           0x00000000        0x0 Drivers\STM32F0xx_HAL_Driver\Src\stm32f0xx_hal_flash_ex.o
 .text.FLASH_MassErase
                0x00000000       0x24 Drivers\STM32F0xx_HAL_Driver\Src\stm32f0xx_hal_flash_ex.o
 .text.FLASH_OB_RDP_LevelConfig
                0x00000000       0x60 Drivers\STM32F0xx_HAL_Driver\Src\stm32f0xx_hal_flash_ex.o
 .text.HAL_FLASHEx_OBErase
                0x00000000       0x5c Drivers\STM32F0xx_HAL_Driver\Src\stm32f0xx_hal_flash_ex.o
 .text.HAL_FLASHEx_OBProgram
                0x00000000      0x130 Drivers\STM32F0xx_HAL_Driver\Src\stm32f0xx_hal_flash_ex.o
 .text.HAL_FLASHEx_OBGetConfig
                0x00000000       0x30 Drivers\STM32F0xx_HAL_Driver\Src\stm32f0xx_hal_flash_ex.o
 .text.HAL_FLASHEx_OBGetUserData
                0x00000000       0x20 Drivers\STM32F0xx_HAL_Driver\Src\stm32f0xx_hal_flash_ex.o
 .text.FLASH_PageErase
                0x00000000       0x24 Drivers\STM32F0xx_HAL_Driver\Src\stm32f0xx_hal_flash_ex.o
 .text.HAL_FLASHEx_Erase
                0x00000000       0x94 Drivers\STM32F0xx_HAL_Driver\Src\stm32f0xx_hal_flash_ex.o
 .text.HAL_FLASHEx_Erase_IT
                0x00000000       0x50 Drivers\STM32F0xx_HAL_Driver\Src\stm32f0xx_hal_flash_ex.o
 .comment       0x00000000       0x7d Drivers\STM32F0xx_HAL_Driver\Src\stm32f0xx_hal_flash_ex.o
 .ARM.attributes
                0x00000000       0x31 Drivers\STM32F0xx_HAL_Driver\Src\stm32f0xx_hal_flash_ex.o
 .text          0x00000000        0x0 Drivers\STM32F0xx_HAL_Driver\Src\stm32f0xx_hal_gpio.o
 .data          0x00000000        0x0 Drivers\STM32F0xx_HAL_Driver\Src\stm32f0xx_hal_gpio.o
 .bss           0x00000000        0x0 Drivers\STM32F0xx_HAL_Driver\Src\stm32f0xx_hal_gpio.o
 .text.HAL_GPIO_DeInit
                0x00000000       0xdc Drivers\STM32F0xx_HAL_Driver\Src\stm32f0xx_hal_gpio.o
 .text.HAL_GPIO_ReadPin
                0x00000000        0xc Drivers\STM32F0xx_HAL_Driver\Src\stm32f0xx_hal_gpio.o
 .text.HAL_GPIO_LockPin
                0x00000000       0x28 Drivers\STM32F0xx_HAL_Driver\Src\stm32f0xx_hal_gpio.o
 .text.HAL_GPIO_EXTI_Callback
                0x00000000        0x2 Drivers\STM32F0xx_HAL_Driver\Src\stm32f0xx_hal_gpio.o
 .text.HAL_GPIO_EXTI_IRQHandler
                0x00000000       0x18 Drivers\STM32F0xx_HAL_Driver\Src\stm32f0xx_hal_gpio.o
 .text          0x00000000        0x0 Drivers\STM32F0xx_HAL_Driver\Src\stm32f0xx_hal_i2c.o
 .data          0x00000000        0x0 Drivers\STM32F0xx_HAL_Driver\Src\stm32f0xx_hal_i2c.o
 .bss           0x00000000        0x0 Drivers\STM32F0xx_HAL_Driver\Src\stm32f0xx_hal_i2c.o
 .text.I2C_Flush_TXDR
                0x00000000       0x1c Drivers\STM32F0xx_HAL_Driver\Src\stm32f0xx_hal_i2c.o
 .text.I2C_DMASlaveReceiveCplt
                0x00000000        0x2 Drivers\STM32F0xx_HAL_Driver\Src\stm32f0xx_hal_i2c.o
 .text.I2C_TransferConfig
                0x00000000       0x24 Drivers\STM32F0xx_HAL_Driver\Src\stm32f0xx_hal_i2c.o
 .text.I2C_Enable_IRQ
                0x00000000       0x6c Drivers\STM32F0xx_HAL_Driver\Src\stm32f0xx_hal_i2c.o
 .text.I2C_Disable_IRQ
                0x00000000       0x60 Drivers\STM32F0xx_HAL_Driver\Src\stm32f0xx_hal_i2c.o
 .text.I2C_WaitOnFlagUntilTimeout
                0x00000000       0x4c Drivers\STM32F0xx_HAL_Driver\Src\stm32f0xx_hal_i2c.o
 .text.I2C_DMAMasterTransmitCplt
                0x00000000       0x44 Drivers\STM32F0xx_HAL_Driver\Src\stm32f0xx_hal_i2c.o
 .text.I2C_DMAMasterReceiveCplt
                0x00000000       0x44 Drivers\STM32F0xx_HAL_Driver\Src\stm32f0xx_hal_i2c.o
 .text.I2C_IsAcknowledgeFailed
                0x00000000       0x80 Drivers\STM32F0xx_HAL_Driver\Src\stm32f0xx_hal_i2c.o
 .text.I2C_WaitOnTXISFlagUntilTimeout
                0x00000000       0x5a Drivers\STM32F0xx_HAL_Driver\Src\stm32f0xx_hal_i2c.o
 .text.I2C_RequestMemoryWrite
                0x00000000       0x68 Drivers\STM32F0xx_HAL_Driver\Src\stm32f0xx_hal_i2c.o
 .text.I2C_RequestMemoryRead
                0x00000000       0x66 Drivers\STM32F0xx_HAL_Driver\Src\stm32f0xx_hal_i2c.o
 .text.I2C_WaitOnRXNEFlagUntilTimeout
                0x00000000       0x78 Drivers\STM32F0xx_HAL_Driver\Src\stm32f0xx_hal_i2c.o
 .text.I2C_DMASlaveTransmitCplt
                0x00000000        0x2 Drivers\STM32F0xx_HAL_Driver\Src\stm32f0xx_hal_i2c.o
 .text.I2C_WaitOnSTOPFlagUntilTimeout
                0x00000000       0x56 Drivers\STM32F0xx_HAL_Driver\Src\stm32f0xx_hal_i2c.o
 .text.HAL_I2C_MspInit
                0x00000000        0x2 Drivers\STM32F0xx_HAL_Driver\Src\stm32f0xx_hal_i2c.o
 .text.HAL_I2C_Init
                0x00000000       0xac Drivers\STM32F0xx_HAL_Driver\Src\stm32f0xx_hal_i2c.o
 .text.HAL_I2C_MspDeInit
                0x00000000        0x2 Drivers\STM32F0xx_HAL_Driver\Src\stm32f0xx_hal_i2c.o
 .text.HAL_I2C_DeInit
                0x00000000       0x34 Drivers\STM32F0xx_HAL_Driver\Src\stm32f0xx_hal_i2c.o
 .text.HAL_I2C_Master_Transmit
                0x00000000      0x130 Drivers\STM32F0xx_HAL_Driver\Src\stm32f0xx_hal_i2c.o
 .text.HAL_I2C_Master_Receive
                0x00000000      0x130 Drivers\STM32F0xx_HAL_Driver\Src\stm32f0xx_hal_i2c.o
 .text.HAL_I2C_Slave_Transmit
                0x00000000      0x158 Drivers\STM32F0xx_HAL_Driver\Src\stm32f0xx_hal_i2c.o
 .text.HAL_I2C_Slave_Receive
                0x00000000      0x14c Drivers\STM32F0xx_HAL_Driver\Src\stm32f0xx_hal_i2c.o
 .text.HAL_I2C_Master_Transmit_IT
                0x00000000       0x90 Drivers\STM32F0xx_HAL_Driver\Src\stm32f0xx_hal_i2c.o
 .text.HAL_I2C_Master_Receive_IT
                0x00000000       0x90 Drivers\STM32F0xx_HAL_Driver\Src\stm32f0xx_hal_i2c.o
 .text.HAL_I2C_Slave_Transmit_IT
                0x00000000       0x5c Drivers\STM32F0xx_HAL_Driver\Src\stm32f0xx_hal_i2c.o
 .text.HAL_I2C_Slave_Receive_IT
                0x00000000       0x5c Drivers\STM32F0xx_HAL_Driver\Src\stm32f0xx_hal_i2c.o
 .text.HAL_I2C_Master_Transmit_DMA
                0x00000000      0x104 Drivers\STM32F0xx_HAL_Driver\Src\stm32f0xx_hal_i2c.o
 .text.HAL_I2C_Master_Receive_DMA
                0x00000000      0x100 Drivers\STM32F0xx_HAL_Driver\Src\stm32f0xx_hal_i2c.o
 .text.HAL_I2C_Slave_Transmit_DMA
                0x00000000       0x9c Drivers\STM32F0xx_HAL_Driver\Src\stm32f0xx_hal_i2c.o
 .text.HAL_I2C_Slave_Receive_DMA
                0x00000000       0xa0 Drivers\STM32F0xx_HAL_Driver\Src\stm32f0xx_hal_i2c.o
 .text.HAL_I2C_Mem_Write
                0x00000000      0x174 Drivers\STM32F0xx_HAL_Driver\Src\stm32f0xx_hal_i2c.o
 .text.HAL_I2C_Mem_Read
                0x00000000      0x180 Drivers\STM32F0xx_HAL_Driver\Src\stm32f0xx_hal_i2c.o
 .text.HAL_I2C_Mem_Write_IT
                0x00000000       0xdc Drivers\STM32F0xx_HAL_Driver\Src\stm32f0xx_hal_i2c.o
 .text.HAL_I2C_Mem_Read_IT
                0x00000000       0xe0 Drivers\STM32F0xx_HAL_Driver\Src\stm32f0xx_hal_i2c.o
 .text.HAL_I2C_Mem_Write_DMA
                0x00000000      0x114 Drivers\STM32F0xx_HAL_Driver\Src\stm32f0xx_hal_i2c.o
 .text.HAL_I2C_Mem_Read_DMA
                0x00000000      0x118 Drivers\STM32F0xx_HAL_Driver\Src\stm32f0xx_hal_i2c.o
 .text.HAL_I2C_IsDeviceReady
                0x00000000      0x12c Drivers\STM32F0xx_HAL_Driver\Src\stm32f0xx_hal_i2c.o
 .text.HAL_I2C_Master_Sequential_Transmit_IT
                0x00000000       0x7c Drivers\STM32F0xx_HAL_Driver\Src\stm32f0xx_hal_i2c.o
 .text.HAL_I2C_Master_Sequential_Receive_IT
                0x00000000       0x7c Drivers\STM32F0xx_HAL_Driver\Src\stm32f0xx_hal_i2c.o
 .text.HAL_I2C_Slave_Sequential_Transmit_IT
                0x00000000       0x98 Drivers\STM32F0xx_HAL_Driver\Src\stm32f0xx_hal_i2c.o
 .text.HAL_I2C_Slave_Sequential_Receive_IT
                0x00000000       0x98 Drivers\STM32F0xx_HAL_Driver\Src\stm32f0xx_hal_i2c.o
 .text.HAL_I2C_EnableListen_IT
                0x00000000       0x28 Drivers\STM32F0xx_HAL_Driver\Src\stm32f0xx_hal_i2c.o
 .text.HAL_I2C_DisableListen_IT
                0x00000000       0x32 Drivers\STM32F0xx_HAL_Driver\Src\stm32f0xx_hal_i2c.o
 .text.HAL_I2C_Master_Abort_IT
                0x00000000       0x5c Drivers\STM32F0xx_HAL_Driver\Src\stm32f0xx_hal_i2c.o
 .text.HAL_I2C_EV_IRQHandler
                0x00000000       0x12 Drivers\STM32F0xx_HAL_Driver\Src\stm32f0xx_hal_i2c.o
 .text.HAL_I2C_MasterTxCpltCallback
                0x00000000        0x2 Drivers\STM32F0xx_HAL_Driver\Src\stm32f0xx_hal_i2c.o
 .text.HAL_I2C_MasterRxCpltCallback
                0x00000000        0x2 Drivers\STM32F0xx_HAL_Driver\Src\stm32f0xx_hal_i2c.o
 .text.I2C_ITMasterSequentialCplt
                0x00000000       0x48 Drivers\STM32F0xx_HAL_Driver\Src\stm32f0xx_hal_i2c.o
 .text.HAL_I2C_SlaveTxCpltCallback
                0x00000000        0x2 Drivers\STM32F0xx_HAL_Driver\Src\stm32f0xx_hal_i2c.o
 .text.HAL_I2C_SlaveRxCpltCallback
                0x00000000        0x2 Drivers\STM32F0xx_HAL_Driver\Src\stm32f0xx_hal_i2c.o
 .text.I2C_ITSlaveSequentialCplt
                0x00000000       0x52 Drivers\STM32F0xx_HAL_Driver\Src\stm32f0xx_hal_i2c.o
 .text.HAL_I2C_AddrCallback
                0x00000000        0x2 Drivers\STM32F0xx_HAL_Driver\Src\stm32f0xx_hal_i2c.o
 .text.HAL_I2C_ListenCpltCallback
                0x00000000        0x2 Drivers\STM32F0xx_HAL_Driver\Src\stm32f0xx_hal_i2c.o
 .text.I2C_ITListenCplt
                0x00000000       0x64 Drivers\STM32F0xx_HAL_Driver\Src\stm32f0xx_hal_i2c.o
 .text.HAL_I2C_MemTxCpltCallback
                0x00000000        0x2 Drivers\STM32F0xx_HAL_Driver\Src\stm32f0xx_hal_i2c.o
 .text.HAL_I2C_MemRxCpltCallback
                0x00000000        0x2 Drivers\STM32F0xx_HAL_Driver\Src\stm32f0xx_hal_i2c.o
 .text.HAL_I2C_ErrorCallback
                0x00000000        0x2 Drivers\STM32F0xx_HAL_Driver\Src\stm32f0xx_hal_i2c.o
 .text.HAL_I2C_AbortCpltCallback
                0x00000000        0x2 Drivers\STM32F0xx_HAL_Driver\Src\stm32f0xx_hal_i2c.o
 .text.I2C_ITError
                0x00000000       0xe0 Drivers\STM32F0xx_HAL_Driver\Src\stm32f0xx_hal_i2c.o
 .text.I2C_ITSlaveCplt
                0x00000000       0xf8 Drivers\STM32F0xx_HAL_Driver\Src\stm32f0xx_hal_i2c.o
 .text.I2C_Slave_ISR_IT
                0x00000000      0x1d0 Drivers\STM32F0xx_HAL_Driver\Src\stm32f0xx_hal_i2c.o
 .text.I2C_Slave_ISR_DMA
                0x00000000       0x72 Drivers\STM32F0xx_HAL_Driver\Src\stm32f0xx_hal_i2c.o
 .text.I2C_ITMasterCplt
                0x00000000       0xb4 Drivers\STM32F0xx_HAL_Driver\Src\stm32f0xx_hal_i2c.o
 .text.I2C_Master_ISR_IT
                0x00000000      0x12c Drivers\STM32F0xx_HAL_Driver\Src\stm32f0xx_hal_i2c.o
 .text.I2C_Master_ISR_DMA
                0x00000000       0xc6 Drivers\STM32F0xx_HAL_Driver\Src\stm32f0xx_hal_i2c.o
 .text.I2C_DMAError
                0x00000000       0x18 Drivers\STM32F0xx_HAL_Driver\Src\stm32f0xx_hal_i2c.o
 .text.HAL_I2C_ER_IRQHandler
                0x00000000       0x5a Drivers\STM32F0xx_HAL_Driver\Src\stm32f0xx_hal_i2c.o
 .text.I2C_DMAAbort
                0x00000000       0x34 Drivers\STM32F0xx_HAL_Driver\Src\stm32f0xx_hal_i2c.o
 .text.HAL_I2C_GetState
                0x00000000        0x8 Drivers\STM32F0xx_HAL_Driver\Src\stm32f0xx_hal_i2c.o
 .text.HAL_I2C_GetMode
                0x00000000        0x8 Drivers\STM32F0xx_HAL_Driver\Src\stm32f0xx_hal_i2c.o
 .text.HAL_I2C_GetError
                0x00000000        0x4 Drivers\STM32F0xx_HAL_Driver\Src\stm32f0xx_hal_i2c.o
 .comment       0x00000000       0x7d Drivers\STM32F0xx_HAL_Driver\Src\stm32f0xx_hal_i2c.o
 .ARM.attributes
                0x00000000       0x31 Drivers\STM32F0xx_HAL_Driver\Src\stm32f0xx_hal_i2c.o
 .text          0x00000000        0x0 Drivers\STM32F0xx_HAL_Driver\Src\stm32f0xx_hal_i2c_ex.o
 .data          0x00000000        0x0 Drivers\STM32F0xx_HAL_Driver\Src\stm32f0xx_hal_i2c_ex.o
 .bss           0x00000000        0x0 Drivers\STM32F0xx_HAL_Driver\Src\stm32f0xx_hal_i2c_ex.o
 .text.HAL_I2CEx_ConfigAnalogFilter
                0x00000000       0x4c Drivers\STM32F0xx_HAL_Driver\Src\stm32f0xx_hal_i2c_ex.o
 .text.HAL_I2CEx_ConfigDigitalFilter
                0x00000000       0x48 Drivers\STM32F0xx_HAL_Driver\Src\stm32f0xx_hal_i2c_ex.o
 .text.HAL_I2CEx_EnableFastModePlus
                0x00000000       0x28 Drivers\STM32F0xx_HAL_Driver\Src\stm32f0xx_hal_i2c_ex.o
 .text.HAL_I2CEx_DisableFastModePlus
                0x00000000       0x28 Drivers\STM32F0xx_HAL_Driver\Src\stm32f0xx_hal_i2c_ex.o
 .comment       0x00000000       0x7d Drivers\STM32F0xx_HAL_Driver\Src\stm32f0xx_hal_i2c_ex.o
 .ARM.attributes
                0x00000000       0x31 Drivers\STM32F0xx_HAL_Driver\Src\stm32f0xx_hal_i2c_ex.o
 .text          0x00000000        0x0 Drivers\STM32F0xx_HAL_Driver\Src\stm32f0xx_hal_pwr.o
 .data          0x00000000        0x0 Drivers\STM32F0xx_HAL_Driver\Src\stm32f0xx_hal_pwr.o
 .bss           0x00000000        0x0 Drivers\STM32F0xx_HAL_Driver\Src\stm32f0xx_hal_pwr.o
 .text.HAL_PWR_DeInit
                0x00000000       0x20 Drivers\STM32F0xx_HAL_Driver\Src\stm32f0xx_hal_pwr.o
 .text.HAL_PWR_EnableBkUpAccess
                0x00000000       0x14 Drivers\STM32F0xx_HAL_Driver\Src\stm32f0xx_hal_pwr.o
 .text.HAL_PWR_DisableBkUpAccess
                0x00000000       0x14 Drivers\STM32F0xx_HAL_Driver\Src\stm32f0xx_hal_pwr.o
 .text.HAL_PWR_EnableWakeUpPin
                0x00000000       0x10 Drivers\STM32F0xx_HAL_Driver\Src\stm32f0xx_hal_pwr.o
 .text.HAL_PWR_DisableWakeUpPin
                0x00000000       0x10 Drivers\STM32F0xx_HAL_Driver\Src\stm32f0xx_hal_pwr.o
 .text.HAL_PWR_EnterSLEEPMode
                0x00000000       0x20 Drivers\STM32F0xx_HAL_Driver\Src\stm32f0xx_hal_pwr.o
 .text.HAL_PWR_EnterSTOPMode
                0x00000000       0x38 Drivers\STM32F0xx_HAL_Driver\Src\stm32f0xx_hal_pwr.o
 .text.HAL_PWR_EnterSTANDBYMode
                0x00000000       0x20 Drivers\STM32F0xx_HAL_Driver\Src\stm32f0xx_hal_pwr.o
 .text.HAL_PWR_EnableSleepOnExit
                0x00000000       0x10 Drivers\STM32F0xx_HAL_Driver\Src\stm32f0xx_hal_pwr.o
 .text.HAL_PWR_DisableSleepOnExit
                0x00000000       0x10 Drivers\STM32F0xx_HAL_Driver\Src\stm32f0xx_hal_pwr.o
 .text.HAL_PWR_EnableSEVOnPend
                0x00000000       0x10 Drivers\STM32F0xx_HAL_Driver\Src\stm32f0xx_hal_pwr.o
 .text.HAL_PWR_DisableSEVOnPend
                0x00000000       0x10 Drivers\STM32F0xx_HAL_Driver\Src\stm32f0xx_hal_pwr.o
 .comment       0x00000000       0x7d Drivers\STM32F0xx_HAL_Driver\Src\stm32f0xx_hal_pwr.o
 .ARM.attributes
                0x00000000       0x31 Drivers\STM32F0xx_HAL_Driver\Src\stm32f0xx_hal_pwr.o
 .text          0x00000000        0x0 Drivers\STM32F0xx_HAL_Driver\Src\stm32f0xx_hal_pwr_ex.o
 .data          0x00000000        0x0 Drivers\STM32F0xx_HAL_Driver\Src\stm32f0xx_hal_pwr_ex.o
 .bss           0x00000000        0x0 Drivers\STM32F0xx_HAL_Driver\Src\stm32f0xx_hal_pwr_ex.o
 .comment       0x00000000       0x7d Drivers\STM32F0xx_HAL_Driver\Src\stm32f0xx_hal_pwr_ex.o
 .ARM.attributes
                0x00000000       0x31 Drivers\STM32F0xx_HAL_Driver\Src\stm32f0xx_hal_pwr_ex.o
 .text          0x00000000        0x0 Drivers\STM32F0xx_HAL_Driver\Src\stm32f0xx_hal_rcc.o
 .data          0x00000000        0x0 Drivers\STM32F0xx_HAL_Driver\Src\stm32f0xx_hal_rcc.o
 .bss           0x00000000        0x0 Drivers\STM32F0xx_HAL_Driver\Src\stm32f0xx_hal_rcc.o
 .text.HAL_RCC_DeInit
                0x00000000       0x4c Drivers\STM32F0xx_HAL_Driver\Src\stm32f0xx_hal_rcc.o
 .text.HAL_RCC_MCOConfig
                0x00000000       0x54 Drivers\STM32F0xx_HAL_Driver\Src\stm32f0xx_hal_rcc.o
 .text.HAL_RCC_EnableCSS
                0x00000000       0x14 Drivers\STM32F0xx_HAL_Driver\Src\stm32f0xx_hal_rcc.o
 .text.HAL_RCC_DisableCSS
                0x00000000       0x14 Drivers\STM32F0xx_HAL_Driver\Src\stm32f0xx_hal_rcc.o
 .text.HAL_RCC_GetPCLK1Freq
                0x00000000       0x20 Drivers\STM32F0xx_HAL_Driver\Src\stm32f0xx_hal_rcc.o
 .text.HAL_RCC_GetOscConfig
                0x00000000       0x9c Drivers\STM32F0xx_HAL_Driver\Src\stm32f0xx_hal_rcc.o
 .text.HAL_RCC_GetClockConfig
                0x00000000       0x38 Drivers\STM32F0xx_HAL_Driver\Src\stm32f0xx_hal_rcc.o
 .text.HAL_RCC_CSSCallback
                0x00000000        0x2 Drivers\STM32F0xx_HAL_Driver\Src\stm32f0xx_hal_rcc.o
 .text.HAL_RCC_NMI_IRQHandler
                0x00000000       0x20 Drivers\STM32F0xx_HAL_Driver\Src\stm32f0xx_hal_rcc.o
 .text          0x00000000        0x0 Drivers\STM32F0xx_HAL_Driver\Src\stm32f0xx_hal_rcc_ex.o
 .data          0x00000000        0x0 Drivers\STM32F0xx_HAL_Driver\Src\stm32f0xx_hal_rcc_ex.o
 .bss           0x00000000        0x0 Drivers\STM32F0xx_HAL_Driver\Src\stm32f0xx_hal_rcc_ex.o
 .text.HAL_RCCEx_PeriphCLKConfig
                0x00000000      0x108 Drivers\STM32F0xx_HAL_Driver\Src\stm32f0xx_hal_rcc_ex.o
 .text.HAL_RCCEx_GetPeriphCLKConfig
                0x00000000       0x2c Drivers\STM32F0xx_HAL_Driver\Src\stm32f0xx_hal_rcc_ex.o
 .text.HAL_RCCEx_GetPeriphCLKFreq
                0x00000000       0xa8 Drivers\STM32F0xx_HAL_Driver\Src\stm32f0xx_hal_rcc_ex.o
 .comment       0x00000000       0x7d Drivers\STM32F0xx_HAL_Driver\Src\stm32f0xx_hal_rcc_ex.o
 .ARM.attributes
                0x00000000       0x31 Drivers\STM32F0xx_HAL_Driver\Src\stm32f0xx_hal_rcc_ex.o
 .text          0x00000000        0x0 Drivers\STM32F0xx_HAL_Driver\Src\stm32f0xx_hal_tim.o
 .data          0x00000000        0x0 Drivers\STM32F0xx_HAL_Driver\Src\stm32f0xx_hal_tim.o
 .bss           0x00000000        0x0 Drivers\STM32F0xx_HAL_Driver\Src\stm32f0xx_hal_tim.o
 .comment       0x00000000       0x7d Drivers\STM32F0xx_HAL_Driver\Src\stm32f0xx_hal_tim.o
 .ARM.attributes
                0x00000000       0x31 Drivers\STM32F0xx_HAL_Driver\Src\stm32f0xx_hal_tim.o
 .text          0x00000000        0x0 Drivers\STM32F0xx_HAL_Driver\Src\stm32f0xx_hal_tim_ex.o
 .data          0x00000000        0x0 Drivers\STM32F0xx_HAL_Driver\Src\stm32f0xx_hal_tim_ex.o
 .bss           0x00000000        0x0 Drivers\STM32F0xx_HAL_Driver\Src\stm32f0xx_hal_tim_ex.o
 .comment       0x00000000       0x7d Drivers\STM32F0xx_HAL_Driver\Src\stm32f0xx_hal_tim_ex.o
 .ARM.attributes
                0x00000000       0x31 Drivers\STM32F0xx_HAL_Driver\Src\stm32f0xx_hal_tim_ex.o
 .text          0x00000000        0x0 Src\main.o
 .data          0x00000000        0x0 Src\main.o
 .bss           0x00000000        0x0 Src\main.o
 .text._Error_Handler
                0x00000000        0x2 Src\main.o
 .text          0x00000000        0x0 Src\stm32f0xx_hal_msp.o
 .data          0x00000000        0x0 Src\stm32f0xx_hal_msp.o
 .bss           0x00000000        0x0 Src\stm32f0xx_hal_msp.o
 .text          0x00000000        0x0 Src\stm32f0xx_it.o
 .data          0x00000000        0x0 Src\stm32f0xx_it.o
 .bss           0x00000000        0x0 Src\stm32f0xx_it.o
 .text          0x00000000        0x0 Src\system_stm32f0xx.o
 .data          0x00000000        0x0 Src\system_stm32f0xx.o
 .bss           0x00000000        0x0 Src\system_stm32f0xx.o
 .text.SystemCoreClockUpdate
                0x00000000       0x64 Src\system_stm32f0xx.o
 .rodata.APBPrescTable
                0x00000000        0x8 Src\system_stm32f0xx.o
 .text          0x00000000       0x14 startup\startup_stm32f030x6.o
 .data          0x00000000        0x0 startup\startup_stm32f030x6.o
 .bss           0x00000000        0x0 startup\startup_stm32f030x6.o
 .text          0x00000000        0x0 c:/program files (x86)/atollic/truestudio for stm32 9.0.0/armtools/bin/../lib/gcc/arm-atollic-eabi/6.3.1/../../../../arm-atollic-eabi/lib/armv6-m\libc_nano.a(lib_a-init.o)
 .data          0x00000000        0x0 c:/program files (x86)/atollic/truestudio for stm32 9.0.0/armtools/bin/../lib/gcc/arm-atollic-eabi/6.3.1/../../../../arm-atollic-eabi/lib/armv6-m\libc_nano.a(lib_a-init.o)
 .bss           0x00000000        0x0 c:/program files (x86)/atollic/truestudio for stm32 9.0.0/armtools/bin/../lib/gcc/arm-atollic-eabi/6.3.1/../../../../arm-atollic-eabi/lib/armv6-m\libc_nano.a(lib_a-init.o)
 .text          0x00000000        0x0 c:/program files (x86)/atollic/truestudio for stm32 9.0.0/armtools/bin/../lib/gcc/arm-atollic-eabi/6.3.1/../../../../arm-atollic-eabi/lib/armv6-m\libc_nano.a(lib_a-memcpy-stub.o)
 .data          0x00000000        0x0 c:/program files (x86)/atollic/truestudio for stm32 9.0.0/armtools/bin/../lib/gcc/arm-atollic-eabi/6.3.1/../../../../arm-atollic-eabi/lib/armv6-m\libc_nano.a(lib_a-memcpy-stub.o)
 .bss           0x00000000        0x0 c:/program files (x86)/atollic/truestudio for stm32 9.0.0/armtools/bin/../lib/gcc/arm-atollic-eabi/6.3.1/../../../../arm-atollic-eabi/lib/armv6-m\libc_nano.a(lib_a-memcpy-stub.o)
 .text          0x00000000       0x14 c:/program files (x86)/atollic/truestudio for stm32 9.0.0/armtools/bin/../lib/gcc/arm-atollic-eabi/6.3.1/armv6-m\libgcc.a(_thumb1_case_uqi.o)
 .data          0x00000000        0x0 c:/program files (x86)/atollic/truestudio for stm32 9.0.0/armtools/bin/../lib/gcc/arm-atollic-eabi/6.3.1/armv6-m\libgcc.a(_thumb1_case_uqi.o)
 .bss           0x00000000        0x0 c:/program files (x86)/atollic/truestudio for stm32 9.0.0/armtools/bin/../lib/gcc/arm-atollic-eabi/6.3.1/armv6-m\libgcc.a(_thumb1_case_uqi.o)
 .ARM.attributes
                0x00000000       0x1e c:/program files (x86)/atollic/truestudio for stm32 9.0.0/armtools/bin/../lib/gcc/arm-atollic-eabi/6.3.1/armv6-m\libgcc.a(_thumb1_case_uqi.o)
 .data          0x00000000        0x0 c:/program files (x86)/atollic/truestudio for stm32 9.0.0/armtools/bin/../lib/gcc/arm-atollic-eabi/6.3.1/armv6-m\libgcc.a(_udivsi3.o)
 .bss           0x00000000        0x0 c:/program files (x86)/atollic/truestudio for stm32 9.0.0/armtools/bin/../lib/gcc/arm-atollic-eabi/6.3.1/armv6-m\libgcc.a(_udivsi3.o)
 .data          0x00000000        0x0 c:/program files (x86)/atollic/truestudio for stm32 9.0.0/armtools/bin/../lib/gcc/arm-atollic-eabi/6.3.1/armv6-m\libgcc.a(_dvmd_tls.o)
 .bss           0x00000000        0x0 c:/program files (x86)/atollic/truestudio for stm32 9.0.0/armtools/bin/../lib/gcc/arm-atollic-eabi/6.3.1/armv6-m\libgcc.a(_dvmd_tls.o)
 .text          0x00000000       0x18 c:/program files (x86)/atollic/truestudio for stm32 9.0.0/armtools/bin/../lib/gcc/arm-atollic-eabi/6.3.1/armv6-m\libgcc.a(_lshrdi3.o)
 .data          0x00000000        0x0 c:/program files (x86)/atollic/truestudio for stm32 9.0.0/armtools/bin/../lib/gcc/arm-atollic-eabi/6.3.1/armv6-m\libgcc.a(_lshrdi3.o)
 .bss           0x00000000        0x0 c:/program files (x86)/atollic/truestudio for stm32 9.0.0/armtools/bin/../lib/gcc/arm-atollic-eabi/6.3.1/armv6-m\libgcc.a(_lshrdi3.o)
 .ARM.attributes
                0x00000000       0x1e c:/program files (x86)/atollic/truestudio for stm32 9.0.0/armtools/bin/../lib/gcc/arm-atollic-eabi/6.3.1/armv6-m\libgcc.a(_lshrdi3.o)
 .text          0x00000000        0x0 c:/program files (x86)/atollic/truestudio for stm32 9.0.0/armtools/bin/../lib/gcc/arm-atollic-eabi/6.3.1/armv6-m/crtend.o
 .data          0x00000000        0x0 c:/program files (x86)/atollic/truestudio for stm32 9.0.0/armtools/bin/../lib/gcc/arm-atollic-eabi/6.3.1/armv6-m/crtend.o
 .bss           0x00000000        0x0 c:/program files (x86)/atollic/truestudio for stm32 9.0.0/armtools/bin/../lib/gcc/arm-atollic-eabi/6.3.1/armv6-m/crtend.o
 .eh_frame      0x00000000        0x4 c:/program files (x86)/atollic/truestudio for stm32 9.0.0/armtools/bin/../lib/gcc/arm-atollic-eabi/6.3.1/armv6-m/crtend.o
 .ARM.attributes
                0x00000000       0x2c c:/program files (x86)/atollic/truestudio for stm32 9.0.0/armtools/bin/../lib/gcc/arm-atollic-eabi/6.3.1/armv6-m/crtend.o
 .text          0x00000000        0x0 c:/program files (x86)/atollic/truestudio for stm32 9.0.0/armtools/bin/../lib/gcc/arm-atollic-eabi/6.3.1/armv6-m/crtn.o
 .data          0x00000000        0x0 c:/program files (x86)/atollic/truestudio for stm32 9.0.0/armtools/bin/../lib/gcc/arm-atollic-eabi/6.3.1/armv6-m/crtn.o
 .bss           0x00000000        0x0 c:/program files (x86)/atollic/truestudio for stm32 9.0.0/armtools/bin/../lib/gcc/arm-atollic-eabi/6.3.1/armv6-m/crtn.o

Memory Configuration

Name             Origin             Length             Attributes
RAM              0x20000000         0x00001000         xrw
FLASH            0x08000000         0x00004000         xr
*default*        0x00000000         0xffffffff

Linker script and memory map

LOAD c:/program files (x86)/atollic/truestudio for stm32 9.0.0/armtools/bin/../lib/gcc/arm-atollic-eabi/6.3.1/armv6-m/crti.o
LOAD c:/program files (x86)/atollic/truestudio for stm32 9.0.0/armtools/bin/../lib/gcc/arm-atollic-eabi/6.3.1/armv6-m/crtbegin.o
LOAD Drivers\STM32F0xx_HAL_Driver\Src\stm32f0xx_hal.o
LOAD Drivers\STM32F0xx_HAL_Driver\Src\stm32f0xx_hal_cortex.o
LOAD Drivers\STM32F0xx_HAL_Driver\Src\stm32f0xx_hal_dma.o
LOAD Drivers\STM32F0xx_HAL_Driver\Src\stm32f0xx_hal_flash.o
LOAD Drivers\STM32F0xx_HAL_Driver\Src\stm32f0xx_hal_flash_ex.o
LOAD Drivers\STM32F0xx_HAL_Driver\Src\stm32f0xx_hal_gpio.o
LOAD Drivers\STM32F0xx_HAL_Driver\Src\stm32f0xx_hal_i2c.o
LOAD Drivers\STM32F0xx_HAL_Driver\Src\stm32f0xx_hal_i2c_ex.o
LOAD Drivers\STM32F0xx_HAL_Driver\Src\stm32f0xx_hal_pwr.o
LOAD Drivers\STM32F0xx_HAL_Driver\Src\stm32f0xx_hal_pwr_ex.o
LOAD Drivers\STM32F0xx_HAL_Driver\Src\stm32f0xx_hal_rcc.o
LOAD Drivers\STM32F0xx_HAL_Driver\Src\stm32f0xx_hal_rcc_ex.o
LOAD Drivers\STM32F0xx_HAL_Driver\Src\stm32f0xx_hal_tim.o
LOAD Drivers\STM32F0xx_HAL_Driver\Src\stm32f0xx_hal_tim_ex.o
LOAD Src\main.o
LOAD Src\stm32f0xx_hal_msp.o
LOAD Src\stm32f0xx_it.o
LOAD Src\system_stm32f0xx.o
LOAD startup\startup_stm32f030x6.o
                0x00000080                malloc_getpagesize_P = 0x80
START GROUP
LOAD c:/program files (x86)/atollic/truestudio for stm32 9.0.0/armtools/bin/../lib/gcc/arm-atollic-eabi/6.3.1/../../../../arm-atollic-eabi/lib/armv6-m\libc_nano.a
LOAD c:/program files (x86)/atollic/truestudio for stm32 9.0.0/armtools/bin/../lib/gcc/arm-atollic-eabi/6.3.1/../../../../arm-atollic-eabi/lib/armv6-m\libm.a
END GROUP
START GROUP
LOAD c:/program files (x86)/atollic/truestudio for stm32 9.0.0/armtools/bin/../lib/gcc/arm-atollic-eabi/6.3.1/armv6-m\libgcc.a
LOAD c:/program files (x86)/atollic/truestudio for stm32 9.0.0/armtools/bin/../lib/gcc/arm-atollic-eabi/6.3.1/../../../../arm-atollic-eabi/lib/armv6-m\libc_nano.a
END GROUP
START GROUP
LOAD c:/program files (x86)/atollic/truestudio for stm32 9.0.0/armtools/bin/../lib/gcc/arm-atollic-eabi/6.3.1/armv6-m\libgcc.a
LOAD c:/program files (x86)/atollic/truestudio for stm32 9.0.0/armtools/bin/../lib/gcc/arm-atollic-eabi/6.3.1/../../../../arm-atollic-eabi/lib/armv6-m\libc_nano.a
LOAD c:/program files (x86)/atollic/truestudio for stm32 9.0.0/armtools/bin/../lib/gcc/arm-atollic-eabi/6.3.1/../../../../arm-atollic-eabi/lib/armv6-m\libnosys.a
END GROUP
START GROUP
LOAD c:/program files (x86)/atollic/truestudio for stm32 9.0.0/armtools/bin/../lib/gcc/arm-atollic-eabi/6.3.1/armv6-m\libgcc.a
LOAD c:/program files (x86)/atollic/truestudio for stm32 9.0.0/armtools/bin/../lib/gcc/arm-atollic-eabi/6.3.1/../../../../arm-atollic-eabi/lib/armv6-m\libc_nano.a
LOAD c:/program files (x86)/atollic/truestudio for stm32 9.0.0/armtools/bin/../lib/gcc/arm-atollic-eabi/6.3.1/../../../../arm-atollic-eabi/lib/armv6-m\libnosys.a
END GROUP
LOAD c:/program files (x86)/atollic/truestudio for stm32 9.0.0/armtools/bin/../lib/gcc/arm-atollic-eabi/6.3.1/armv6-m/crtend.o
LOAD c:/program files (x86)/atollic/truestudio for stm32 9.0.0/armtools/bin/../lib/gcc/arm-atollic-eabi/6.3.1/armv6-m/crtn.o
                0x20001000                _estack = 0x20001000
                0x00000200                _Min_Heap_Size = 0x200
                0x00000400                _Min_Stack_Size = 0x400

.isr_vector     0x08000000       0xc0
                0x08000000                . = ALIGN (0x4)
 *(.isr_vector)
 .isr_vector    0x08000000       0xc0 startup\startup_stm32f030x6.o
                0x08000000                g_pfnVectors
                0x080000c0                . = ALIGN (0x4)

.text           0x080000c0      0xbb0
                0x080000c0                . = ALIGN (0x4)
 *(.text)
 .text          0x080000c0       0x48 c:/program files (x86)/atollic/truestudio for stm32 9.0.0/armtools/bin/../lib/gcc/arm-atollic-eabi/6.3.1/armv6-m/crtbegin.o
 .text          0x08000108      0x114 c:/program files (x86)/atollic/truestudio for stm32 9.0.0/armtools/bin/../lib/gcc/arm-atollic-eabi/6.3.1/armv6-m\libgcc.a(_udivsi3.o)
                0x08000108                __aeabi_uidiv
                0x08000108                __udivsi3
                0x08000214                __aeabi_uidivmod
 .text          0x0800021c        0x4 c:/program files (x86)/atollic/truestudio for stm32 9.0.0/armtools/bin/../lib/gcc/arm-atollic-eabi/6.3.1/armv6-m\libgcc.a(_dvmd_tls.o)
                0x0800021c                __aeabi_idiv0
                0x0800021c                __aeabi_ldiv0
 *(.text*)
 .text.HAL_InitTick
                0x08000220       0x24 Drivers\STM32F0xx_HAL_Driver\Src\stm32f0xx_hal.o
                0x08000220                HAL_InitTick
 .text.HAL_Init
                0x08000244       0x20 Drivers\STM32F0xx_HAL_Driver\Src\stm32f0xx_hal.o
                0x08000244                HAL_Init
 .text.HAL_IncTick
                0x08000264       0x10 Drivers\STM32F0xx_HAL_Driver\Src\stm32f0xx_hal.o
                0x08000264                HAL_IncTick
 .text.HAL_GetTick
                0x08000274        0xc Drivers\STM32F0xx_HAL_Driver\Src\stm32f0xx_hal.o
                0x08000274                HAL_GetTick
 .text.HAL_Delay
                0x08000280       0x20 Drivers\STM32F0xx_HAL_Driver\Src\stm32f0xx_hal.o
                0x08000280                HAL_Delay
 .text.HAL_NVIC_SetPriority
                0x080002a0       0x60 Drivers\STM32F0xx_HAL_Driver\Src\stm32f0xx_hal_cortex.o
                0x080002a0                HAL_NVIC_SetPriority
 .text.HAL_SYSTICK_Config
                0x08000300       0x34 Drivers\STM32F0xx_HAL_Driver\Src\stm32f0xx_hal_cortex.o
                0x08000300                HAL_SYSTICK_Config
 .text.HAL_SYSTICK_CLKSourceConfig
                0x08000334       0x1c Drivers\STM32F0xx_HAL_Driver\Src\stm32f0xx_hal_cortex.o
                0x08000334                HAL_SYSTICK_CLKSourceConfig
 .text.HAL_SYSTICK_Callback
                0x08000350        0x2 Drivers\STM32F0xx_HAL_Driver\Src\stm32f0xx_hal_cortex.o
                0x08000350                HAL_SYSTICK_Callback
 .text.HAL_SYSTICK_IRQHandler
                0x08000352        0x8 Drivers\STM32F0xx_HAL_Driver\Src\stm32f0xx_hal_cortex.o
                0x08000352                HAL_SYSTICK_IRQHandler
 *fill*         0x0800035a        0x2 
 .text.HAL_GPIO_Init
                0x0800035c      0x160 Drivers\STM32F0xx_HAL_Driver\Src\stm32f0xx_hal_gpio.o
                0x0800035c                HAL_GPIO_Init
 .text.HAL_GPIO_WritePin
                0x080004bc        0xc Drivers\STM32F0xx_HAL_Driver\Src\stm32f0xx_hal_gpio.o
                0x080004bc                HAL_GPIO_WritePin
 .text.HAL_GPIO_TogglePin
                0x080004c8        0x8 Drivers\STM32F0xx_HAL_Driver\Src\stm32f0xx_hal_gpio.o
                0x080004c8                HAL_GPIO_TogglePin
 .text.HAL_RCC_OscConfig
                0x080004d0      0x3c4 Drivers\STM32F0xx_HAL_Driver\Src\stm32f0xx_hal_rcc.o
                0x080004d0                HAL_RCC_OscConfig
 .text.HAL_RCC_GetSysClockFreq
                0x08000894       0x64 Drivers\STM32F0xx_HAL_Driver\Src\stm32f0xx_hal_rcc.o
                0x08000894                HAL_RCC_GetSysClockFreq
 .text.HAL_RCC_ClockConfig
                0x080008f8      0x12c Drivers\STM32F0xx_HAL_Driver\Src\stm32f0xx_hal_rcc.o
                0x080008f8                HAL_RCC_ClockConfig
 .text.HAL_RCC_GetHCLKFreq
                0x08000a24        0xc Drivers\STM32F0xx_HAL_Driver\Src\stm32f0xx_hal_rcc.o
                0x08000a24                HAL_RCC_GetHCLKFreq
 .text.SystemClock_Config
                0x08000a30       0x68 Src\main.o
                0x08000a30                SystemClock_Config
 .text.startup.main
                0x08000a98       0x60 Src\main.o
                0x08000a98                main
 .text.HAL_MspInit
                0x08000af8       0x3c Src\stm32f0xx_hal_msp.o
                0x08000af8                HAL_MspInit
 .text.NMI_Handler
                0x08000b34        0x2 Src\stm32f0xx_it.o
                0x08000b34                NMI_Handler
 .text.HardFault_Handler
                0x08000b36        0x2 Src\stm32f0xx_it.o
                0x08000b36                HardFault_Handler
 .text.SVC_Handler
                0x08000b38        0x2 Src\stm32f0xx_it.o
                0x08000b38                SVC_Handler
 .text.PendSV_Handler
                0x08000b3a        0x2 Src\stm32f0xx_it.o
                0x08000b3a                PendSV_Handler
 .text.SysTick_Handler
                0x08000b3c        0xc Src\stm32f0xx_it.o
                0x08000b3c                SysTick_Handler
 .text.SystemInit
                0x08000b48       0x60 Src\system_stm32f0xx.o
                0x08000b48                SystemInit
 .text.Reset_Handler
                0x08000ba8       0x50 startup\startup_stm32f030x6.o
                0x08000ba8                Reset_Handler
 .text.Default_Handler
                0x08000bf8        0x2 startup\startup_stm32f030x6.o
                0x08000bf8                TIM1_CC_IRQHandler
                0x08000bf8                I2C1_IRQHandler
                0x08000bf8                SPI1_IRQHandler
                0x08000bf8                EXTI2_3_IRQHandler
                0x08000bf8                ADC1_IRQHandler
                0x08000bf8                TIM17_IRQHandler
                0x08000bf8                RTC_IRQHandler
                0x08000bf8                TIM16_IRQHandler
                0x08000bf8                TIM3_IRQHandler
                0x08000bf8                EXTI4_15_IRQHandler
                0x08000bf8                RCC_IRQHandler
                0x08000bf8                DMA1_Channel1_IRQHandler
                0x08000bf8                Default_Handler
                0x08000bf8                TIM14_IRQHandler
                0x08000bf8                DMA1_Channel4_5_IRQHandler
                0x08000bf8                EXTI0_1_IRQHandler
                0x08000bf8                WWDG_IRQHandler
                0x08000bf8                DMA1_Channel2_3_IRQHandler
                0x08000bf8                FLASH_IRQHandler
                0x08000bf8                USART1_IRQHandler
                0x08000bf8                TIM1_BRK_UP_TRG_COM_IRQHandler
 *fill*         0x08000bfa        0x2 
 .text.__libc_init_array
                0x08000bfc       0x48 c:/program files (x86)/atollic/truestudio for stm32 9.0.0/armtools/bin/../lib/gcc/arm-atollic-eabi/6.3.1/../../../../arm-atollic-eabi/lib/armv6-m\libc_nano.a(lib_a-init.o)
                0x08000bfc                __libc_init_array
 .text.memcpy   0x08000c44       0x12 c:/program files (x86)/atollic/truestudio for stm32 9.0.0/armtools/bin/../lib/gcc/arm-atollic-eabi/6.3.1/../../../../arm-atollic-eabi/lib/armv6-m\libc_nano.a(lib_a-memcpy-stub.o)
                0x08000c44                memcpy
 *(.glue_7)
 .glue_7        0x08000c56        0x0 linker stubs
 *(.glue_7t)
 .glue_7t       0x08000c56        0x0 linker stubs
 *(.eh_frame)
 *fill*         0x08000c56        0x2 
 .eh_frame      0x08000c58        0x0 c:/program files (x86)/atollic/truestudio for stm32 9.0.0/armtools/bin/../lib/gcc/arm-atollic-eabi/6.3.1/armv6-m/crtbegin.o
 *(.init)
 .init          0x08000c58        0x4 c:/program files (x86)/atollic/truestudio for stm32 9.0.0/armtools/bin/../lib/gcc/arm-atollic-eabi/6.3.1/armv6-m/crti.o
                0x08000c58                _init
 .init          0x08000c5c        0x8 c:/program files (x86)/atollic/truestudio for stm32 9.0.0/armtools/bin/../lib/gcc/arm-atollic-eabi/6.3.1/armv6-m/crtn.o
 *(.fini)
 .fini          0x08000c64        0x4 c:/program files (x86)/atollic/truestudio for stm32 9.0.0/armtools/bin/../lib/gcc/arm-atollic-eabi/6.3.1/armv6-m/crti.o
                0x08000c64                _fini
 .fini          0x08000c68        0x8 c:/program files (x86)/atollic/truestudio for stm32 9.0.0/armtools/bin/../lib/gcc/arm-atollic-eabi/6.3.1/armv6-m/crtn.o
                0x08000c70                . = ALIGN (0x4)
                0x08000c70                _etext = .

.vfp11_veneer   0x08000c70        0x0
 .vfp11_veneer  0x08000c70        0x0 linker stubs

.v4_bx          0x08000c70        0x0
 .v4_bx         0x08000c70        0x0 linker stubs

.iplt           0x08000c70        0x0
 .iplt          0x08000c70        0x0 c:/program files (x86)/atollic/truestudio for stm32 9.0.0/armtools/bin/../lib/gcc/arm-atollic-eabi/6.3.1/armv6-m/crtbegin.o

.rodata         0x08000c70       0x30
                0x08000c70                . = ALIGN (0x4)
 *(.rodata)
 .rodata        0x08000c70       0x20 Drivers\STM32F0xx_HAL_Driver\Src\stm32f0xx_hal_rcc.o
 *(.rodata*)
 .rodata.AHBPrescTable
                0x08000c90       0x10 Src\system_stm32f0xx.o
                0x08000c90                AHBPrescTable
                0x08000ca0                . = ALIGN (0x4)

.rel.dyn        0x08000ca0        0x0
 .rel.iplt      0x08000ca0        0x0 c:/program files (x86)/atollic/truestudio for stm32 9.0.0/armtools/bin/../lib/gcc/arm-atollic-eabi/6.3.1/armv6-m/crtbegin.o

.ARM.extab
 *(.ARM.extab* .gnu.linkonce.armextab.*)

.ARM            0x08000ca0        0x0
                0x08000ca0                __exidx_start = .
 *(.ARM.exidx*)
                0x08000ca0                __exidx_end = .

.preinit_array  0x08000ca0        0x0
                0x08000ca0                PROVIDE (__preinit_array_start, .)
 *(.preinit_array*)
                0x08000ca0                PROVIDE (__preinit_array_end, .)

.init_array     0x08000ca0        0x4
                0x08000ca0                PROVIDE (__init_array_start, .)
 *(SORT(.init_array.*))
 *(.init_array*)
 .init_array    0x08000ca0        0x4 c:/program files (x86)/atollic/truestudio for stm32 9.0.0/armtools/bin/../lib/gcc/arm-atollic-eabi/6.3.1/armv6-m/crtbegin.o
                0x08000ca4                PROVIDE (__init_array_end, .)

.fini_array     0x08000ca4        0x4
                [!provide]                PROVIDE (__fini_array_start, .)
 *(SORT(.fini_array.*))
 *(.fini_array*)
 .fini_array    0x08000ca4        0x4 c:/program files (x86)/atollic/truestudio for stm32 9.0.0/armtools/bin/../lib/gcc/arm-atollic-eabi/6.3.1/armv6-m/crtbegin.o
                [!provide]                PROVIDE (__fini_array_end, .)
                0x08000ca8                _sidata = LOADADDR (.data)

.data           0x20000000        0x4 load address 0x08000ca8
                0x20000000                . = ALIGN (0x4)
                0x20000000                _sdata = .
 *(.data)
 *(.data*)
 .data.SystemCoreClock
                0x20000000        0x4 Src\system_stm32f0xx.o
                0x20000000                SystemCoreClock
                0x20000004                . = ALIGN (0x4)
                0x20000004                _edata = .

.igot.plt       0x20000004        0x0 load address 0x08000cac
 .igot.plt      0x20000004        0x0 c:/program files (x86)/atollic/truestudio for stm32 9.0.0/armtools/bin/../lib/gcc/arm-atollic-eabi/6.3.1/armv6-m/crtbegin.o
                0x20000004                . = ALIGN (0x4)

.bss            0x20000004       0x20 load address 0x08000cac
                0x20000004                _sbss = .
                0x20000004                __bss_start__ = _sbss
 *(.bss)
 .bss           0x20000004       0x1c c:/program files (x86)/atollic/truestudio for stm32 9.0.0/armtools/bin/../lib/gcc/arm-atollic-eabi/6.3.1/armv6-m/crtbegin.o
 *(.bss*)
 *(COMMON)
 COMMON         0x20000020        0x4 Drivers\STM32F0xx_HAL_Driver\Src\stm32f0xx_hal.o
                0x20000020                uwTick
                0x20000024                . = ALIGN (0x4)
                0x20000024                _ebss = .
                0x20000024                __bss_end__ = _ebss

._user_heap_stack
                0x20000024      0x600 load address 0x08000cac
                0x20000024                . = ALIGN (0x4)
                [!provide]                PROVIDE (end, .)
                [!provide]                PROVIDE (_end, .)
                0x20000224                . = (. + _Min_Heap_Size)
 *fill*         0x20000024      0x200 
                0x20000624                . = (. + _Min_Stack_Size)
 *fill*         0x20000224      0x400 
                0x20000624                . = ALIGN (0x4)

/DISCARD/
 libc.a(*)
 libm.a(*)
 libgcc.a(*)

.ARM.attributes
                0x00000000       0x28
 *(.ARM.attributes)
 .ARM.attributes
                0x00000000       0x1e c:/program files (x86)/atollic/truestudio for stm32 9.0.0/armtools/bin/../lib/gcc/arm-atollic-eabi/6.3.1/armv6-m/crti.o
 .ARM.attributes
                0x0000001e       0x2c c:/program files (x86)/atollic/truestudio for stm32 9.0.0/armtools/bin/../lib/gcc/arm-atollic-eabi/6.3.1/armv6-m/crtbegin.o
 .ARM.attributes
                0x0000004a       0x31 Drivers\STM32F0xx_HAL_Driver\Src\stm32f0xx_hal.o
 .ARM.attributes
                0x0000007b       0x31 Drivers\STM32F0xx_HAL_Driver\Src\stm32f0xx_hal_cortex.o
 .ARM.attributes
                0x000000ac       0x31 Drivers\STM32F0xx_HAL_Driver\Src\stm32f0xx_hal_gpio.o
 .ARM.attributes
                0x000000dd       0x31 Drivers\STM32F0xx_HAL_Driver\Src\stm32f0xx_hal_rcc.o
 .ARM.attributes
                0x0000010e       0x31 Src\main.o
 .ARM.attributes
                0x0000013f       0x31 Src\stm32f0xx_hal_msp.o
 .ARM.attributes
                0x00000170       0x31 Src\stm32f0xx_it.o
 .ARM.attributes
                0x000001a1       0x31 Src\system_stm32f0xx.o
 .ARM.attributes
                0x000001d2       0x21 startup\startup_stm32f030x6.o
 .ARM.attributes
                0x000001f3       0x2c c:/program files (x86)/atollic/truestudio for stm32 9.0.0/armtools/bin/../lib/gcc/arm-atollic-eabi/6.3.1/../../../../arm-atollic-eabi/lib/armv6-m\libc_nano.a(lib_a-init.o)
 .ARM.attributes
                0x0000021f       0x2c c:/program files (x86)/atollic/truestudio for stm32 9.0.0/armtools/bin/../lib/gcc/arm-atollic-eabi/6.3.1/../../../../arm-atollic-eabi/lib/armv6-m\libc_nano.a(lib_a-memcpy-stub.o)
 .ARM.attributes
                0x0000024b       0x1e c:/program files (x86)/atollic/truestudio for stm32 9.0.0/armtools/bin/../lib/gcc/arm-atollic-eabi/6.3.1/armv6-m\libgcc.a(_udivsi3.o)
 .ARM.attributes
                0x00000269       0x1e c:/program files (x86)/atollic/truestudio for stm32 9.0.0/armtools/bin/../lib/gcc/arm-atollic-eabi/6.3.1/armv6-m\libgcc.a(_dvmd_tls.o)
 .ARM.attributes
                0x00000287       0x1e c:/program files (x86)/atollic/truestudio for stm32 9.0.0/armtools/bin/../lib/gcc/arm-atollic-eabi/6.3.1/armv6-m/crtn.o
OUTPUT(01_Blink.elf elf32-littlearm)

.comment        0x00000000       0x7c
 .comment       0x00000000       0x7c Drivers\STM32F0xx_HAL_Driver\Src\stm32f0xx_hal.o
                                 0x7d (size before relaxing)
 .comment       0x0000007c       0x7d Drivers\STM32F0xx_HAL_Driver\Src\stm32f0xx_hal_cortex.o
 .comment       0x0000007c       0x7d Drivers\STM32F0xx_HAL_Driver\Src\stm32f0xx_hal_gpio.o
 .comment       0x0000007c       0x7d Drivers\STM32F0xx_HAL_Driver\Src\stm32f0xx_hal_rcc.o
 .comment       0x0000007c       0x7d Src\main.o
 .comment       0x0000007c       0x7d Src\stm32f0xx_hal_msp.o
 .comment       0x0000007c       0x7d Src\stm32f0xx_it.o
 .comment       0x0000007c       0x7d Src\system_stm32f0xx.o

.debug_frame    0x00000000       0x74
 .debug_frame   0x00000000       0x2c c:/program files (x86)/atollic/truestudio for stm32 9.0.0/armtools/bin/../lib/gcc/arm-atollic-eabi/6.3.1/../../../../arm-atollic-eabi/lib/armv6-m\libc_nano.a(lib_a-init.o)
 .debug_frame   0x0000002c       0x28 c:/program files (x86)/atollic/truestudio for stm32 9.0.0/armtools/bin/../lib/gcc/arm-atollic-eabi/6.3.1/../../../../arm-atollic-eabi/lib/armv6-m\libc_nano.a(lib_a-memcpy-stub.o)
 .debug_frame   0x00000054       0x20 c:/program files (x86)/atollic/truestudio for stm32 9.0.0/armtools/bin/../lib/gcc/arm-atollic-eabi/6.3.1/armv6-m\libgcc.a(_udivsi3.o)
